{
  "upper: negative": 0,
  "upper: 0": 0,
  "upper: 1": 0,
  "upper: 1000000": 933394,
  "uniform -1, 1": 0.7803094370686219,
  "uniform -100000, -1": -10985.418301287442,
  "uniform -1, -10": -9.011392466808799,
  "uniform 5, 1": 1.4393811258627562,
  "uniform 1, 1000000": 890154.8283795924,
  "uniform 1, 1": 1,
  "quniform -1, 1, 0.1": 0.8,
  "quniform -100000, -1, -1": -10985,
  "quniform -1, -10, 0.22222": -9.11102,
  "quniform 5, 1, -0.111": 1.443,
  "quniform 1, 1000000, 50": 890150,
  "quniform 1, 1, 0.001": 1,
  "loguniform -1, 1": 2.1821473983314923,
  "loguniform -100000, -1": 0,
  "loguniform -1, -10": 0.00012201184023802779,
  "loguniform 5, 1": 4.218084545621744,
  "loguniform 100, 100": 2.6881171418161356e+43,
  "loguniform 1, 1": 2.718281828459045,
  "qloguniform -1, 1, 0.1": 2.2,
  "qloguniform -100000, -1, -1": 0,
  "qloguniform -1, -10, 0.2222": 0,
  "qloguniform 5, 1, -0.111": 4.218,
  "qloguniform 100, 50, 50": 1.258879250524572e+24,
  "qloguniform 1, 1, 0.001": 2.718,
  "normal -1, 1": -0.3037819091033397,
  "normal -100000, -1": -100000.6962180909,
  "normal -1, -10": -7.962180908966603,
  "normal 5, 1": 5.69621809089666,
  "normal 100, 100": 169.62180908966604,
  "normal 1, 1": 1.6962180908966604,
  "qnormal -1, 1, 0.1": -0.30000000000000004,
  "qnormal -100000, -1, -1": -100001,
  "qnormal -1, -10, 0.22222": -7.99992,
  "qnormal 5, 1, -0.111": 5.6610000000000005,
  "qnormal 1, 1000000, 50": 696200,
  "qnormal 1, 1, 0.001": 1.696,
  "lognormal -1, 1": 0.7380218047375157,
  "lognormal -100000, -1": 0,
  "lognormal -1, -10": 0.00034839247604157605,
  "lognormal 5, 1": 297.7392462565868,
  "lognormal 100, 100": 4.632502881060729e+73,
  "lognormal 1, 1": 5.453284517439546,
  "qlognormal -1, 1, 0.1": 0.7000000000000001,
  "qlognormal -100000, -1, -1": 0,
  "qlognormal -1, -10, 0.22222": 0,
  "qlognormal 5, 1, -0.111": 297.702,
  "qlognormal 100, 100, 50": 4.632502881060729e+73,
  "qlognormal 1, 1, 0.001": 5.453,
  "sample: array": -3.6724888806975553,
  "sample: depth": {
    "x": 1.3924361817933206,
    "y": 0.13070729472270082,
    "choice": null,
    "array": [
      -0.6553433999116457,
      0.11927848398147867,
      false
    ],
    "obj": {
      "u": 2.47930839269838,
      "v": 1.703175088041835,
      "w": -1.4037662402075997
    }
  },
  "FMin for x^2 - x + 1": {},
  "Hyperparameters space": {
    "x": "-0.7975415",
    "y": "-0.7414791"
  },
  "choice as array space": {},
  "Deep learning space": {
    "learning_rate": "0.0000123",
    "use_double_q_learning": true,
    "layer1_size": "29.0000000",
    "layer2_size": "41.0000000",
    "layer3_size": "56.0000000",
    "future_discount_max": "0.6085554",
    "future_discount_increment": "0.0013308",
    "recall_memory_size": "8.0000000",
    "recall_memory_num_experiences_per_recall": "1275.0000000",
    "num_epochs": "2.0000000"
  }
}